resources/js/components/home/HeroSection.vue(43,20): error TS2339: Property 'route' does not exist on type 'CreateComponentPublicInstanceWithMixins<ToResolvedProps<{}, {}>, { AppButton: __VLS_WithSlots<DefineComponent<Props, {}, {}, {}, {}, ComponentOptionsMixin, ComponentOptionsMixin, ... 12 more ..., any>, __VLS_Slots>; t: ComposerTranslation<...>; }, ... 23 more ..., {}>'.
resources/js/components/home/HeroSection.vue(57,20): error TS2339: Property 'route' does not exist on type 'CreateComponentPublicInstanceWithMixins<ToResolvedProps<{}, {}>, { AppButton: __VLS_WithSlots<DefineComponent<Props, {}, {}, {}, {}, ComponentOptionsMixin, ComponentOptionsMixin, ... 12 more ..., any>, __VLS_Slots>; t: ComposerTranslation<...>; }, ... 23 more ..., {}>'.
resources/js/components/home/JoinSection.vue(21,28): error TS2352: Conversion of type 'string' to type 'string[]' may be a mistake because neither type sufficiently overlaps with the other. If this was intentional, convert the expression to 'unknown' first.
resources/js/components/home/JoinSection.vue(35,53): error TS2339: Property 'route' does not exist on type 'CreateComponentPublicInstanceWithMixins<ToResolvedProps<{}, {}>, { AppButton: __VLS_WithSlots<DefineComponent<Props, {}, {}, {}, {}, ComponentOptionsMixin, ComponentOptionsMixin, ... 12 more ..., any>, __VLS_Slots>; t: ComposerTranslation<...>; }, ... 23 more ..., {}>'.
resources/js/components/home/OurUnitsSection.vue(33,21): error TS2304: Cannot find name 'route'.
resources/js/components/home/OurUnitsSection.vue(35,23): error TS2304: Cannot find name 'route'.
resources/js/components/home/OurUnitsSection.vue(42,21): error TS2304: Cannot find name 'route'.
resources/js/components/home/OurUnitsSection.vue(44,23): error TS2304: Cannot find name 'route'.
resources/js/components/home/OurUnitsSection.vue(51,21): error TS2304: Cannot find name 'route'.
resources/js/components/home/OurUnitsSection.vue(53,23): error TS2304: Cannot find name 'route'.
resources/js/components/home/OurUnitsSection.vue(60,21): error TS2304: Cannot find name 'route'.
resources/js/components/home/OurUnitsSection.vue(62,23): error TS2304: Cannot find name 'route'.
resources/js/components/home/OurUnitsSection.vue(116,33): error TS2352: Conversion of type 'string' to type 'string[]' may be a mistake because neither type sufficiently overlaps with the other. If this was intentional, convert the expression to 'unknown' first.
resources/js/components/home/TwoWaysSection.vue(26,33): error TS2352: Conversion of type 'string' to type 'string[]' may be a mistake because neither type sufficiently overlaps with the other. If this was intentional, convert the expression to 'unknown' first.
resources/js/components/home/TwoWaysSection.vue(37,59): error TS2339: Property 'route' does not exist on type 'CreateComponentPublicInstanceWithMixins<ToResolvedProps<{}, {}>, { AppButton: __VLS_WithSlots<DefineComponent<Props, {}, {}, {}, {}, ComponentOptionsMixin, ComponentOptionsMixin, ... 12 more ..., any>, __VLS_Slots>; t: ComposerTranslation<...>; }, ... 23 more ..., {}>'.
resources/js/components/home/TwoWaysSection.vue(61,33): error TS2352: Conversion of type 'string' to type 'string[]' may be a mistake because neither type sufficiently overlaps with the other. If this was intentional, convert the expression to 'unknown' first.
resources/js/components/home/TwoWaysSection.vue(72,59): error TS2339: Property 'route' does not exist on type 'CreateComponentPublicInstanceWithMixins<ToResolvedProps<{}, {}>, { AppButton: __VLS_WithSlots<DefineComponent<Props, {}, {}, {}, {}, ComponentOptionsMixin, ComponentOptionsMixin, ... 12 more ..., any>, __VLS_Slots>; t: ComposerTranslation<...>; }, ... 23 more ..., {}>'.
resources/js/pages/Welcome.vue(28,27): error TS2339: Property '$page' does not exist on type 'CreateComponentPublicInstanceWithMixins<ToResolvedProps<__VLS_Props, {}>, { Head: InertiaHead; Link: InertiaLink; dashboard: { (options?: RouteQueryOptions | undefined): RouteDefinition<...>; ... 4 more ...; form: { ...; }; }; login: { ...; }; register: { ...; }; }, ... 23 more ..., { ...; }>'.
